qemu-system-x86_64: terminating on signal 15 from pid 78797 (bash)
 ready to bring up the rest.
GDT: initialized, 16 TSS slots ready
Command handler init
ctors start: 0x0000000000362648
ctors end: 0x0000000000362718
Calling ctor at: 0x0000000000104511
Calling ctor at: 0x000000000010F4D3
Calling ctor at: 0x0000000000112FFB
Calling ctor at: 0x000000000013388F
Calling ctor at: 0x0000000000134D0D
Calling ctor at: 0x000000000013521B
Calling ctor at: 0x00000000001378AB
Calling ctor at: 0x00000000001380F2
Calling ctor at: 0x000000000013916E
Calling ctor at: 0x0000000000139205
Calling ctor at: 0x000000000013AFEE
Calling ctor at: 0x000000000013B864
Calling ctor at: 0x000000000013BDA7
Calling ctor at: 0x000000000013B209
Calling ctor at: 0x000000000013B1F3
Calling ctor at: 0x000000000013B1B8
Calling ctor at: 0x000000000013B1CE
Calling ctor at: 0x000000000013B193
Calling ctor at: 0x000000000013BD82
Calling ctor at: 0x000000000013C867
Calling ctor at: 0x000000000013C933
Calling ctor at: 0x000000000013CAD3
Calling ctor at: 0x000000000013CB33
Calling ctor at: 0x000000000013D27F
Calling ctor at: 0x000000000013D295
Calling ctor at: 0x000000000013D2AB
Total ctors executed: 0x000000000000001A
Initializing time subsystem...
Time initialized: 1992-09-19 05:27:28
!!! IRQ RESTORE WITHOUT CONTEXT !!!
Allocator: Ready. Heap=0x00000000003E8AE0-0x00000000003E9AE0, free=4064 bytes
Heap start: 0x0x0000000000942000
Allocator: Ready. Heap=0x0000000000942000-0x000000001FF7EC00, free=526633952 bytes
PMM initialized: 0x0000000001000000 -> 0x0000000005000000, pages: 16384
Initializing MMIO subsystem...
Array locations:
  page_table_l2_mmio: 0x00000000003E9B20
  page_table_l1_mmio: 0x00000000003EAB20
  l2_installed: 0x00000000005EAB20
  l1_installed: 0x00000000005EAD20
Zeroing MMIO page table arrays...
  Zeroing index 0/512
  Zeroing index 128/512
  Zeroing index 256/512
  Zeroing index 384/512
MMIO arrays zeroed
MMIO VA range: 0xFFFFFFA000000000 - 0xFFFFFFAFFFFFFFFF
PML4 entry for MMIO (index 511): 0x0000000000399003
MMIO page tables ready (initialized by bootloader)
Enumerating PCI devices starting from bus 0...
Enumerating bus: 0
PCI Device found: 0x0000000000000000:0x0000000000000000:0x0000000000000000 Vendor: 0x0000000000008086 Device: 0x0000000000001237
PCI Device found: 0x0000000000000000:0x0000000000000001:0x0000000000000000 Vendor: 0x0000000000008086 Device: 0x0000000000007000
PCI Device found: 0x0000000000000000:0x0000000000000001:0x0000000000000001 Vendor: 0x0000000000008086 Device: 0x0000000000007010
PCI Device found: 0x0000000000000000:0x0000000000000001:0x0000000000000003 Vendor: 0x0000000000008086 Device: 0x0000000000007113
PCI Device found: 0x0000000000000000:0x0000000000000002:0x0000000000000000 Vendor: 0x0000000000001234 Device: 0x0000000000001111
PCI Device found: 0x0000000000000000:0x0000000000000003:0x0000000000000000 Vendor: 0x0000000000008086 Device: 0x000000000000100E
PCI Device found: 0x0000000000000000:0x0000000000000004:0x0000000000000000 Vendor: 0x0000000000008086 Device: 0x0000000000002922
7Enumerating PCI devices starting from bus 0...
Enumerating bus: 0
usb_manager: initializing driver
USB: Initializing USB subsystem...
USB: Scanning PCI for USB controllers...
USB: No supported USB controller found
Falling back to PS/2
gpu_manager: initializing driver
gpu_init: starting GPU...
gpu_init: Initializing GPU...
Setting VBE mode: 1280x720x32
VBE mode set successfully: 1280x720x32
gpu_init: mapping framebuffer BAR0...
Requesting VA for framebuffer size: 0x0000000001000000
mmio_alloc_va: allocated 0x0000000001000000 bytes at 0xFFFFFFA000000000
mmio_alloc_va returned ptr: 0xFFFFFFA000000000
After cast to uintptr_t: 0xFFFFFFA000000000
Attempting to map framebuffer...
map_mmio_page: virt=0xFFFFFFA000000000 phys=0x00000000FD000000 size=0x0000000001000000
  L3 index: 0x0000000000000080 L2 index: 0x0000000000000000
  Allocating L2 table for L3 index 0x0000000000000080
  L2 table allocated at 0x0000000001000000
  Mapping as 2 MiB pages...
  L2[0x0000000000000000] = 0x00000000FD000083
  Mapped 8 pages successfully
Framebuffer BAR0 physical: 0x00000000FD000000, virtual: 0xFFFFFFA000000000, size: 0x0000000001000000
gpu_init: mapping BAR2 (registers)...
BAR2 size: 0x0000000000001000
mmio_alloc_va: allocated 0x0000000000001000 bytes at 0xFFFFFFA001000000
mmio_alloc_va returned for BAR2: 0xFFFFFFA001000000
Attempting to map BAR2...
map_mmio_page: virt=0xFFFFFFA001000000 phys=0x00000000FEBB0000 size=0x0000000000001000
  L3 index: 0x0000000000000080 L2 index: 0x0000000000000008
  Mapping as 4 KiB page, L1 index: 0x0000000000000000
  Allocating L1 table...
  Back in mmio.c after alloc_page_zeroed
  L1 table allocated and zeroed at 0x0000000001001000
  L1 table allocated successfully
  L1[0x0000000000000000] = 0x00000000FEBB0013
  Mapped 1 pages successfully
GPU BAR2 mapped safely: physical 0x00000000FEBB0000, virtual 0xFFFFFFA001000000, size 0x0000000000001000
GPU initialized: resolution 1280x720, pitch 5120
Clearing framebuffer...
gpu_clear: clearing 1280x720 framebuffer with color 0x0000000000000000
gpu_clear: done
Framebuffer cleared
gpu_init: GPU initialized, writing test pixels...
gpu_test_write: drawing color gradient...
  Row 0/720
  Row 100/720
  Row 200/720
  Row 300/720
  Row 400/720
  Row 500/720
  Row 600/720
  Row 700/720
gpu_test_write: gradient complete
gpu_clear: clearing 1280x720 framebuffer with color 0x0000000000000000
gpu_clear: done
Graphics subsystem initialized
Safety mode: PANIC
gpu_init: done
Sÿnetwork_manager: initializing driver
RTL8139: not found
Network: no supported NIC found
[random] seeded (no RDRAND - TSC/RTC fallback)
audio_manager: initializing driver
AC97: Searching for audio controller...
AC97: No compatible device found
[AUDIO] No working audio driver found
ACPI: Locating RSDP...
ACPI: LAPIC phys=0x0x00000000FEE00000, CPUs=1, IOAPICs=1
mmio_alloc_va: allocated 0x0000000000001000 bytes at 0xFFFFFFA001001000
map_mmio_page: virt=0xFFFFFFA001001000 phys=0x00000000FEE00000 size=0x0000000000001000
  L3 index: 0x0000000000000080 L2 index: 0x0000000000000008
  Mapping as 4 KiB page, L1 index: 0x0000000000000001
  L1[0x0000000000000001] = 0x00000000FEE00013
  Mapped 1 pages successfully
mmio_alloc_va: allocated 0x0000000000001000 bytes at 0xFFFFFFA001002000
map_mmio_page: virt=0xFFFFFFA001002000 phys=0x00000000FEC00000 size=0x0000000000001000
  L3 index: 0x0000000000000080 L2 index: 0x0000000000000008
  Mapping as 4 KiB page, L1 index: 0x0000000000000002
  L1[0x0000000000000002] = 0x00000000FEC00013
  Mapped 1 pages successfully
IOAPIC: mapped, 24 redirection entries
SMP: 1 core(s) online
!!! IRQ RESTORE WITHOUT CONTEXT !!!
[PROC] Created process: busy@1158B4 [pid=1] [kernel]
[PROC] Created process: kernelaudio@1158C7 [pid=2] [kernel]
=== TERMINAL STARTING ===
gpu_clear: clearing 1280x720 framebuffer with color 0x00000000FF000000
gpu_clear: done
Terminal resolution set to 160x90 (8x8 pixels per char, max 160x90)
gpu_clear: clearing 1280x720 framebuffer with color 0x00000000FF000000
gpu_clear: done
Terminal: Initializing command system...
VGATerm: Initializing terminal enhancements
Terminal: Initializing keyboard...
USB Keyboard: Initializing...
USB Keyboard: Ready (no layout loaded)
USB Mouse: Initializing...
USB Mouse: Ready (waiting for device)
USB Keyboard: Loaded layout 'Swedish QWERTY' (sv-SE)
Terminal: PS/2 keyboard (or no keyboard)
Terminal: Keyboard ready!
gpu_clear: clearing 1280x720 framebuffer with color 0x00000000FF000000
gpu_clear: done
Executing...=== Initializing Storage System ===
AHCI: Initializing controller...
AHCI: Vendor=0x0x0000000000008086 Device=0x0x0000000000002922
AHCI: ABAR physical = 0x0x00000000FEBB1000
mmio_alloc_va: allocated 0x0000000000001000 bytes at 0xFFFFFFA001003000
map_mmio_page: virt=0xFFFFFFA001003000 phys=0x00000000FEBB1000 size=0x0000000000001000
  L3 index: 0x0000000000000080 L2 index: 0x0000000000000008
  Mapping as 4 KiB page, L1 index: 0x0000000000000003
  L1[0x0000000000000003] = 0x00000000FEBB1013
  Mapped 1 pages successfully
BAR mapped: 0x0000000000001000 bytes
AHCI: ABAR virtual  = 0x0xFFFFFFA001003000
AHCI: Found 6 ports
AHCI: Probing ports...
AHCI: Port 0 - Signature: 0x0x0000000000000101
AHCI: Found SATA drive on port 0
AHCI: IDENTIFY prdbc=512 w0=0x0x0000000000000040 w1=0x0x0000000000000208 w60=0x0x0000000000000000 w61=0x0x0000000000000008 w83=0x0x0000000000007400 w100=0x0x0000000000000000 w101=0x0x0000000000000008
AHCI: Found 1 SATA drives
Found 1 SATA drive(s)
Disk 0:
  Model: QEMU HARDDISK
  Sectors: 524288
  Sector size: 512 bytes
MinimaFS: Initializing...
MinimaFS: Ready
MinimaFS device wrapper created
Returning device
MinimaFS: Self-test...
MinimaFS: Allocating DMA bounce buffer
MinimaFS: DMA bounce buffer at 0x0x0000000001025000
MinimaFS: Self-test OK
MinimaFS: Reading storage.desc...
MinimaFS: storage.desc written
MinimaFS: Drive 0 mounted OK
Filesystem mounted as drive 0: 
gpu_clear: clearing 1280x720 framebuffer with color 0x00000000FF000000
gpu_clear: done
Terminal: Starting service discovery...
[SERVICES] Scanning 1 entries in 0:/services
Executing...DHCP: sending DISCOVER
DHCP: no OFFER received
[PROC] Created process: dhcp.service@112A64 [pid=3] [kernel]
[SERVICES] Registered service: Auto DHCP
Terminal: Service discovery complete
Terminal: Starting cursor process...
[PROC] Created process: cursorupdater@12C700 [pid=4] [kernel]
gpu_clear: clearing 1280x720 framebuffer with color 0x00000000FF000000
gpu_clear: done
=== TERMINAL READY ===
[PROC] Created process: terminal_update@12CE7E [pid=5] [kernel]
[PROC] Created process: usb_keyboard_update@1158FD [pid=6] [kernel]
[PROC] Exiting process: dhcp.service@112A64 [pid=3]
Cursor updater process started
Terminal: Command ready: 'n'
Terminal: Processing command: 'n'
Terminal: Command ready: 'format'
Terminal: Processing command: 'format'
[PROC] Created process: format@149E8F [pid=7] [kernel]

=== FORMAT DEBUG ===
Returning device
Device OK
Drive 0 already mounted, unmounting before format...
MinimaFS: storage.desc written
MinimaFS: storage.desc written
Detected disk size: 256 MB (524288 sectors x 512 bytes)
Calling minimafs_format...
MinimaFS: Formatting drive 0 (256 MB)
MinimaFS: Allocating DMA bounce buffer
MinimaFS: DMA bounce buffer at 0x0x0000000001025000
MinimaFS: storage.desc written
MinimaFS: Format complete
MinimaFS: Formatting drive 0 (256 MB)
MinimaFS: storage.desc written
MinimaFS: Format complete
Format succeeded. Calling minimafs_mount...
MinimaFS: Reading storage.desc...
MinimaFS: storage.desc written
MinimaFS: Drive 0 mounted OK
Mount succeeded.
Drive 0 is mounted. Root block=1
MinimaFS: storage.desc written
Creating system directory structure...
MinimaFS: storage.desc written
MinimaFS: 100% complete
MinimaFS: storage.desc written
MinimaFS: File created: 0:/etc/System.conf
MinimaFS: storage.desc written
MinimaFS: storage.desc written
MinimaFS: 100% complete
MinimaFS: storage.desc written
System.conf written (196 bytes)
MinimaFS: 100% complete
MinimaFS: storage.desc written
FORMAT: installed minimaSSL.slib
MinimaFS: 100% complete
MinimaFS: storage.desc written
FORMAT: installed dlr.run
MinimaFS: 100% complete
MinimaFS: storage.desc written
FORMAT: installed dhcp.service
etc folder has 2 entries
  Entry 0: System.conf (block 3)
  Entry 1: minimaSSL.slib (block 6)
=== FORMAT DEBUG DONE ===

[PROC] Exiting process: format@149E8F [pid=7]
Terminal: Command ready: 'mdr ./test'
Terminal: Processing command: 'mdr ./test'
[PROC] Created process: mdr@149E8F [pid=8] [kernel]
MinimaFS: storage.desc written
[PROC] Exiting process: mdr@149E8F [pid=8]
Terminal: Command ready: 'cd ./test'
Terminal: Processing command: 'cd ./test'
[PROC] Created process: cd@149E8F [pid=9] [kernel]
[PROC] Exiting process: cd@149E8F [pid=9]
Terminal: Command ready: 'dlr createpkg'
Terminal: Processing command: 'dlr createpkg'
[PROC] Created process: run@149E8F [pid=10] [kernel]
ELF: loaded buffer base=0x0x0000000000A74ED0 size=147880 entry=0x0x0000000000A7518F
[PROC] Created process: 0:/programs/dlr.run@A7518F [pid=11] [user]
[PROC] Exiting process: run@149E8F [pid=10]
MinimaFS: 100% complete
MinimaFS: storage.desc written
MinimaFS: File created: 0:/test/example.pkg
SYS_FWRITE: requested=157 wrote=157
MinimaFS: 100% complete
MinimaFS: storage.desc written
[run] Created package manifest ./example.pkg
[PROC] Exiting process: 0:/programs/dlr.run@A7518F [pid=11]
Terminal: Command ready: 'cd ..'
Terminal: Processing command: 'cd ..'
[PROC] Created process: cd@149E8F [pid=12] [kernel]
[PROC] Exiting process: cd@149E8F [pid=12]
Terminal: Command ready: 'dlr present ./test'
Terminal: Processing command: 'dlr present ./test'
[PROC] Created process: run@149E8F [pid=13] [kernel]
ELF: loaded buffer base=0x0x0000000000AA8F90 size=147880 entry=0x0x0000000000AA924F
[PROC] Created process: 0:/programs/dlr.run@AA924F [pid=14] [user]
[PROC] Exiting process: run@149E8F [pid=13]
[run] Presenting ./test ...
[run] dlr: checking source directory...
[run] dlr: reading package manifest...
[run] dlr: listing manifest directory...
[run] dlr: found manifest example.pkg
[run] dlr: opening manifest ./test/example.pkg
[run] dlr: manifest bytes 157
[run] dlr: parsing manifest...
[run] dlr: preparing package store...
MinimaFS: storage.desc written
MinimaFS: storage.desc written
MinimaFS: storage.desc written
[run] dlr: copying package files...
MinimaFS: storage.desc written
MinimaFS: 100% complete
MinimaFS: storage.desc written
MinimaFS: File created: 0:/var/dlrd/packages/example/example.pkg
SYS_FWRITE: requested=157 wrote=157
MinimaFS: 100% complete
MinimaFS: storage.desc written
[run] dlr: building package archive...
SYS_PKG: dispatch
SYS_PKG: zip
pkglib: collecting archive entries
pkglib: reading archive payload
pkglib: writing archive
MinimaFS: 100% complete
MinimaFS: storage.desc written
[run] Presented. Clients can now install it; 'dlr serve' to start serving.
[PROC] Exiting process: 0:/programs/dlr.run@AA924F [pid=14]
