Using default temp DH parameters
ACCEPT
Received TLS Record
Header:
  Version = TLS 1.0 (0x301)
  Content Type = Handshake (22)
  Length = 165
    ClientHello, Length=161
      client_version=0x303 (TLS 1.2)
      Random:
        gmt_unix_time=0x2B0D941C
        random_bytes (len=28): B7242799AA4FC828B2FEC9EF69FD80D6D7EADACF7222812B20ADAE0D
      session_id (len=32): 1D24CDBACE9BF390219C39311AEDF6D70801ADA2161A9F10904BEFA4E06660A1
      cipher_suites (len=2)
        {0x13, 0x01} TLS_AES_128_GCM_SHA256
      compression_methods (len=1)
        No Compression (0x00)
      extensions, length = 86
        extension_type=server_name(0), length=13
          0000 - 00 0b 00 00 08 31 30 2e-30 2e 32 2e 32         .....10.0.2.2
        extension_type=supported_versions(43), length=3
          TLS 1.3 (772)
        extension_type=supported_groups(10), length=4
          ecdh_x25519 (29)
        extension_type=key_share(51), length=38
            NamedGroup: ecdh_x25519 (29)
            key_exchange:  (len=32): 6FD2005ED1264E0D30DFB6628715D85D3E60D84191BBCBFC3B9652C618E7F014
        extension_type=signature_algorithms(13), length=8
          ecdsa_secp256r1_sha256 (0x0403)
          rsa_pss_rsae_sha256 (0x0804)
          ecdsa_secp384r1_sha384 (0x0503)

Sent TLS Record
Header:
  Version = TLS 1.2 (0x303)
  Content Type = Handshake (22)
  Length = 122
    ServerHello, Length=118
      server_version=0x303 (TLS 1.2)
      Random:
        gmt_unix_time=0x1628E4B8
        random_bytes (len=28): 54E39F6B3A9CB6C7E6A7E3D0142B7A34476D62C890E58D47CA1632B9
      session_id (len=32): 1D24CDBACE9BF390219C39311AEDF6D70801ADA2161A9F10904BEFA4E06660A1
      cipher_suite {0x13, 0x01} TLS_AES_128_GCM_SHA256
      compression_method: No Compression (0x00)
      extensions, length = 46
        extension_type=supported_versions(43), length=2
            TLS 1.3 (772)
        extension_type=key_share(51), length=36
            NamedGroup: ecdh_x25519 (29)
            key_exchange:  (len=32): 0126BEEDFF42DC936BD13F3B81DEED541C1B15BBBC3689AD6F111CA7D6622237

Sent TLS Record
Header:
  Version = TLS 1.2 (0x303)
  Content Type = ChangeCipherSpec (20)
  Length = 1
    change_cipher_spec (1)

Sent TLS Record
Header:
  Version = TLS 1.2 (0x303)
  Content Type = ApplicationData (23)
  Length = 45
  Inner Content Type = Handshake (22)
    EncryptedExtensions, Length=24
      extensions, length = 22
        extension_type=supported_groups(10), length=18
          X25519MLKEM768 (4588)
          ecdh_x25519 (29)
          secp256r1 (P-256) (23)
          ecdh_x448 (30)
          secp384r1 (P-384) (24)
          secp521r1 (P-521) (25)
          ffdhe2048 (256)
          ffdhe3072 (257)

Sent TLS Record
Header:
  Version = TLS 1.2 (0x303)
  Content Type = ApplicationData (23)
  Length = 809
  Inner Content Type = Handshake (22)
    Certificate, Length=788
      context (len=0): 
      certificate_list, length=784
        ASN.1Cert, length=779
------details-----
Certificate:
    Data:
        Version: 3 (0x2)
        Serial Number:
            72:f2:01:b7:e2:33:36:2d:e5:f2:76:94:d9:5a:dc:10:7c:c1:16:18
        Signature Algorithm: sha256WithRSAEncryption
        Issuer: CN = 10.0.2.2
        Validity
            Not Before: Sep 21 15:55:51 2026 GMT
            Not After : Sep 22 15:55:51 2026 GMT
        Subject: CN = 10.0.2.2
        Subject Public Key Info:
            Public Key Algorithm: rsaEncryption
                Public-Key: (2048 bit)
                Modulus:
                    00:9d:c4:df:3b:b5:f8:a1:26:48:f4:e1:1e:8f:af:
                    b9:7f:ab:21:97:0f:46:b7:92:df:90:62:5f:47:06:
                    fb:36:5f:d3:c1:b1:d8:7a:cf:c4:43:2f:8c:84:38:
                    d1:46:f9:b0:d9:58:31:8b:e2:05:65:72:7d:c3:60:
                    5f:5c:c5:26:5f:41:6d:f5:48:be:55:4f:52:60:7e:
                    6e:2d:f9:10:5a:3d:7f:13:eb:84:23:c1:45:02:75:
                    a6:89:71:3f:e2:48:3f:0f:e8:33:17:64:9d:25:b7:
                    db:58:ea:3f:c8:25:6a:3a:63:c0:9b:29:23:cf:af:
                    24:71:72:43:bd:81:68:be:f6:bd:74:d3:92:d1:b8:
                    49:0a:54:61:c1:5b:f0:5f:e6:2d:05:4a:4a:e7:bc:
                    e4:61:4c:e6:36:22:1a:f3:d3:67:48:e2:6d:9f:8d:
                    62:b7:49:55:aa:78:fb:ec:6e:81:08:cf:f9:68:61:
                    8a:1e:15:05:88:d7:28:e3:41:4d:56:37:29:f9:ec:
                    55:7c:fa:c6:b3:73:b2:04:06:f4:35:15:c9:b4:66:
                    79:96:9f:10:cf:b7:ba:cb:4b:46:09:dd:00:7a:f2:
                    33:50:52:3a:a2:2c:b2:b7:82:7a:b1:a5:bf:ef:d9:
                    9d:63:fd:48:f0:95:13:16:2e:21:57:ba:e1:b9:a8:
                    65:8b
                Exponent: 65537 (0x10001)
        X509v3 extensions:
            X509v3 Subject Key Identifier: 
                05:45:2D:B9:2F:7F:31:4C:24:A6:82:31:57:4D:05:81:59:7F:5F:E6
            X509v3 Authority Key Identifier: 
                05:45:2D:B9:2F:7F:31:4C:24:A6:82:31:57:4D:05:81:59:7F:5F:E6
            X509v3 Basic Constraints: critical
                CA:TRUE
    Signature Algorithm: sha256WithRSAEncryption
    Signature Value:
        62:63:5c:03:9e:16:d4:2a:52:f6:43:ac:15:1c:2f:fb:8d:f1:
        06:98:92:58:bb:14:1d:ff:74:06:c5:99:b5:f1:a7:c2:3f:7c:
        73:f0:2c:8d:66:a8:17:c8:39:5f:40:a7:4b:6b:eb:a8:16:26:
        11:a0:a3:b3:67:f3:f1:69:3f:bf:b4:17:f1:fe:d9:ff:43:7c:
        fb:9f:a9:eb:d7:8b:bb:84:4c:ed:c5:67:d3:6e:4d:fa:8c:77:
        50:6b:da:0d:c3:83:a3:4c:f4:66:22:a8:31:75:0f:26:94:9b:
        5c:6a:42:a9:8b:93:4c:64:a8:91:17:0a:10:6f:ef:b4:08:57:
        15:d3:70:db:d8:bb:e8:34:0b:40:27:24:07:da:41:97:79:ca:
        6b:14:36:1e:26:d7:84:d2:63:bc:6c:1f:39:62:fa:0b:54:4b:
        c0:6f:b9:56:48:d9:df:2f:ba:ea:bd:22:46:d8:34:9e:71:3f:
        05:2f:d3:77:d7:4f:47:90:f6:75:d3:a4:11:99:8b:b7:16:37:
        9f:8c:43:88:b5:30:80:48:14:30:2f:45:0e:37:dd:ad:25:c7:
        cb:89:e7:6e:ef:b3:3d:22:2b:1c:c8:2f:f6:06:da:ad:79:b2:
        e0:7a:e1:a8:37:55:c8:65:ad:8d:cf:8a:04:54:ad:2b:92:44:
        54:be:56:7e
-----BEGIN CERTIFICATE-----
MIIDBzCCAe+gAwIBAgIUcvIBt+IzNi3l8naU2VrcEHzBFhgwDQYJKoZIhvcNAQEL
BQAwEzERMA8GA1UEAwwIMTAuMC4yLjIwHhcNMjYwOTIxMTU1NTUxWhcNMjYwOTIy
MTU1NTUxWjATMREwDwYDVQQDDAgxMC4wLjIuMjCCASIwDQYJKoZIhvcNAQEBBQAD
ggEPADCCAQoCggEBAJ3E3zu1+KEmSPThHo+vuX+rIZcPRreS35BiX0cG+zZf08Gx
2HrPxEMvjIQ40Ub5sNlYMYviBWVyfcNgX1zFJl9BbfVIvlVPUmB+bi35EFo9fxPr
hCPBRQJ1polxP+JIPw/oMxdknSW321jqP8glajpjwJspI8+vJHFyQ72BaL72vXTT
ktG4SQpUYcFb8F/mLQVKSue85GFM5jYiGvPTZ0jibZ+NYrdJVap4++xugQjP+Whh
ih4VBYjXKONBTVY3KfnsVXz6xrNzsgQG9DUVybRmeZafEM+3ustLRgndAHryM1BS
OqIssreCerGlv+/ZnWP9SPCVExYuIVe64bmoZYsCAwEAAaNTMFEwHQYDVR0OBBYE
FAVFLbkvfzFMJKaCMVdNBYFZf1/mMB8GA1UdIwQYMBaAFAVFLbkvfzFMJKaCMVdN
BYFZf1/mMA8GA1UdEwEB/wQFMAMBAf8wDQYJKoZIhvcNAQELBQADggEBAGJjXAOe
FtQqUvZDrBUcL/uN8QaYkli7FB3/dAbFmbXxp8I/fHPwLI1mqBfIOV9Ap0tr66gW
JhGgo7Nn8/FpP7+0F/H+2f9DfPufqevXi7uETO3FZ9NuTfqMd1Br2g3Dg6NM9GYi
qDF1DyaUm1xqQqmLk0xkqJEXChBv77QIVxXTcNvYu+g0C0AnJAfaQZd5ymsUNh4m
14TSY7xsHzli+gtUS8BvuVZI2d8vuuq9IkbYNJ5xPwUv03fXT0eQ9nXTpBGZi7cW
N5+MQ4i1MIBIFDAvRQ433a0lx8uJ527vsz0iKxzIL/YG2q15suB64ag3VchlrY3P
igRUrSuSRFS+Vn4=
-----END CERTIFICATE-----
------------------
        No extensions

Sent TLS Record
Header:
  Version = TLS 1.2 (0x303)
  Content Type = ApplicationData (23)
  Length = 281
  Inner Content Type = Handshake (22)
    CertificateVerify, Length=260
      Signature Algorithm: rsa_pss_rsae_sha256 (0x0804)
      Signature (len=256): 1A93A7C2C8DDE99544825805E71FBAE2DAD6FBF298953E9F9C88A89787132FE42ADC7367FC4B96682BD3BC1FCC268DA411CBEE3C0787D3E0883DAABED92D24DB137A885F3980B413C3F148A39FA3CA79A3A1772504E03A6D8EEE9DC8AECDB51EDD20CA6F785E8415A76A9599F515210288030BAD32AED3DC3C30D257BE4F6D99879EC37FBFA9059B2616817FF298C04E85204AF22FC86E62A839577FC0492919EAF7880584FE7C53FAD3DEAFCFE119FE73E0BF66B1313AED00D29A416E7B5B5D16E5A5B88134D147AA12406F365EE2A91D9A2DF689B6D6450C6DAF14B86ADC83EC3106CC6BF1FF12B2D42F88B4B0E17EACE8AE6CA788CA3E659665C1365D2875

Sent TLS Record
Header:
  Version = TLS 1.2 (0x303)
  Content Type = ApplicationData (23)
  Length = 53
  Inner Content Type = Handshake (22)
    Finished, Length=32
      verify_data (len=32): 453538C2624A691035E0CD3B8C6C27125B6A40640BA8678C7A9D1017F75E23B9

Sent TLS Record
Header:
  Version = TLS 1.2 (0x303)
  Con402744CD2C7F0000:error:0A000126:SSL routines::unexpected eof while reading:../ssl/record/rec_layer_s3.c:698:
